1769967188277700563
